Imported [App\Models\Pasien\Pasien] models up to ID: 3364
Imported [App\Models\Pasien\Pasien] models up to ID: 4364
Imported [App\Models\Pasien\Pasien] models up to ID: 5364
Imported [App\Models\Pasien\Pasien] models up to ID: 6364
Imported [App\Models\Pasien\Pasien] models up to ID: 7364
Imported [App\Models\Pasien\Pasien] models up to ID: 8364
Imported [App\Models\Pasien\Pasien] models up to ID: 9364
Imported [App\Models\Pasien\Pasien] models up to ID: 10364
Imported [App\Models\Pasien\Pasien] models up to ID: 11364
Imported [App\Models\Pasien\Pasien] models up to ID: 12364
Imported [App\Models\Pasien\Pasien] models up to ID: 13364
Imported [App\Models\Pasien\Pasien] models up to ID: 14364
Imported [App\Models\Pasien\Pasien] models up to ID: 15364
Imported [App\Models\Pasien\Pasien] models up to ID: 16364
Imported [App\Models\Pasien\Pasien] models up to ID: 17364
Imported [App\Models\Pasien\Pasien] models up to ID: 18364
Imported [App\Models\Pasien\Pasien] models up to ID: 19364
Imported [App\Models\Pasien\Pasien] models up to ID: 20364
Imported [App\Models\Pasien\Pasien] models up to ID: 21364
Imported [App\Models\Pasien\Pasien] models up to ID: 22364
Imported [App\Models\Pasien\Pasien] models up to ID: 23364
Imported [App\Models\Pasien\Pasien] models up to ID: 24364
Imported [App\Models\Pasien\Pasien] models up to ID: 25364
Imported [App\Models\Pasien\Pasien] models up to ID: 26364
Imported [App\Models\Pasien\Pasien] models up to ID: 27364
Imported [App\Models\Pasien\Pasien] models up to ID: 28364
Imported [App\Models\Pasien\Pasien] models up to ID: 29364
Imported [App\Models\Pasien\Pasien] models up to ID: 30364
Imported [App\Models\Pasien\Pasien] models up to ID: 31364
Imported [App\Models\Pasien\Pasien] models up to ID: 32364
Imported [App\Models\Pasien\Pasien] models up to ID: 33364
Imported [App\Models\Pasien\Pasien] models up to ID: 34364
Imported [App\Models\Pasien\Pasien] models up to ID: 35364
Imported [App\Models\Pasien\Pasien] models up to ID: 36364
Imported [App\Models\Pasien\Pasien] models up to ID: 37364
Imported [App\Models\Pasien\Pasien] models up to ID: 38364
Imported [App\Models\Pasien\Pasien] models up to ID: 39364
Imported [App\Models\Pasien\Pasien] models up to ID: 40364
Imported [App\Models\Pasien\Pasien] models up to ID: 41364
Imported [App\Models\Pasien\Pasien] models up to ID: 42364
Imported [App\Models\Pasien\Pasien] models up to ID: 43364
Imported [App\Models\Pasien\Pasien] models up to ID: 44364
Imported [App\Models\Pasien\Pasien] models up to ID: 45364
Imported [App\Models\Pasien\Pasien] models up to ID: 46364
Imported [App\Models\Pasien\Pasien] models up to ID: 47364
Imported [App\Models\Pasien\Pasien] models up to ID: 48364
Imported [App\Models\Pasien\Pasien] models up to ID: 49364
Imported [App\Models\Pasien\Pasien] models up to ID: 50364
Imported [App\Models\Pasien\Pasien] models up to ID: 51364
Imported [App\Models\Pasien\Pasien] models up to ID: 52364
Imported [App\Models\Pasien\Pasien] models up to ID: 53364
Imported [App\Models\Pasien\Pasien] models up to ID: 54364
Imported [App\Models\Pasien\Pasien] models up to ID: 55364
Imported [App\Models\Pasien\Pasien] models up to ID: 56364
Imported [App\Models\Pasien\Pasien] models up to ID: 57364
Imported [App\Models\Pasien\Pasien] models up to ID: 58364
Imported [App\Models\Pasien\Pasien] models up to ID: 59364
Imported [App\Models\Pasien\Pasien] models up to ID: 60364
Imported [App\Models\Pasien\Pasien] models up to ID: 61364
Imported [App\Models\Pasien\Pasien] models up to ID: 62364
Imported [App\Models\Pasien\Pasien] models up to ID: 63364
Imported [App\Models\Pasien\Pasien] models up to ID: 64364
Imported [App\Models\Pasien\Pasien] models up to ID: 65364
Imported [App\Models\Pasien\Pasien] models up to ID: 66364
Imported [App\Models\Pasien\Pasien] models up to ID: 67364
Imported [App\Models\Pasien\Pasien] models up to ID: 68364
Imported [App\Models\Pasien\Pasien] models up to ID: 69364
Imported [App\Models\Pasien\Pasien] models up to ID: 70364
Imported [App\Models\Pasien\Pasien] models up to ID: 71364
Imported [App\Models\Pasien\Pasien] models up to ID: 72364
Imported [App\Models\Pasien\Pasien] models up to ID: 73364
Imported [App\Models\Pasien\Pasien] models up to ID: 74364
Imported [App\Models\Pasien\Pasien] models up to ID: 75364
Imported [App\Models\Pasien\Pasien] models up to ID: 76364
Imported [App\Models\Pasien\Pasien] models up to ID: 77364
Imported [App\Models\Pasien\Pasien] models up to ID: 78364
Imported [App\Models\Pasien\Pasien] models up to ID: 79364
Imported [App\Models\Pasien\Pasien] models up to ID: 80364
Imported [App\Models\Pasien\Pasien] models up to ID: 81364
Imported [App\Models\Pasien\Pasien] models up to ID: 82364
Imported [App\Models\Pasien\Pasien] models up to ID: 83364
Imported [App\Models\Pasien\Pasien] models up to ID: 84364
Imported [App\Models\Pasien\Pasien] models up to ID: 85364
Imported [App\Models\Pasien\Pasien] models up to ID: 86364
Imported [App\Models\Pasien\Pasien] models up to ID: 87364
Imported [App\Models\Pasien\Pasien] models up to ID: 88364
Imported [App\Models\Pasien\Pasien] models up to ID: 89364
Imported [App\Models\Pasien\Pasien] models up to ID: 90364
Imported [App\Models\Pasien\Pasien] models up to ID: 91364
Imported [App\Models\Pasien\Pasien] models up to ID: 92364
Imported [App\Models\Pasien\Pasien] models up to ID: 93364
Imported [App\Models\Pasien\Pasien] models up to ID: 94364
Imported [App\Models\Pasien\Pasien] models up to ID: 95364
Imported [App\Models\Pasien\Pasien] models up to ID: 96364
Imported [App\Models\Pasien\Pasien] models up to ID: 97364
Imported [App\Models\Pasien\Pasien] models up to ID: 98364
Imported [App\Models\Pasien\Pasien] models up to ID: 99364
Imported [App\Models\Pasien\Pasien] models up to ID: 100364
Imported [App\Models\Pasien\Pasien] models up to ID: 101364
Imported [App\Models\Pasien\Pasien] models up to ID: 102364
Imported [App\Models\Pasien\Pasien] models up to ID: 562615
All [App\Models\Pasien\Pasien] records have been imported.
Imported [App\Models\Pasien\Pasien] models up to ID: 1000
Imported [App\Models\Pasien\Pasien] models up to ID: 2000
Imported [App\Models\Pasien\Pasien] models up to ID: 3000
Imported [App\Models\Pasien\Pasien] models up to ID: 4000
Imported [App\Models\Pasien\Pasien] models up to ID: 5000
Imported [App\Models\Pasien\Pasien] models up to ID: 6000
Imported [App\Models\Pasien\Pasien] models up to ID: 7000
Imported [App\Models\Pasien\Pasien] models up to ID: 8000
Imported [App\Models\Pasien\Pasien] models up to ID: 9000
Imported [App\Models\Pasien\Pasien] models up to ID: 10000
Imported [App\Models\Pasien\Pasien] models up to ID: 11000
Imported [App\Models\Pasien\Pasien] models up to ID: 12000
Imported [App\Models\Pasien\Pasien] models up to ID: 13000
Imported [App\Models\Pasien\Pasien] models up to ID: 14000
Imported [App\Models\Pasien\Pasien] models up to ID: 15000
Imported [App\Models\Pasien\Pasien] models up to ID: 16000
Imported [App\Models\Pasien\Pasien] models up to ID: 17000
Imported [App\Models\Pasien\Pasien] models up to ID: 18000
Imported [App\Models\Pasien\Pasien] models up to ID: 19000
Imported [App\Models\Pasien\Pasien] models up to ID: 20000
Imported [App\Models\Pasien\Pasien] models up to ID: 21000
Imported [App\Models\Pasien\Pasien] models up to ID: 22000
Imported [App\Models\Pasien\Pasien] models up to ID: 23000
Imported [App\Models\Pasien\Pasien] models up to ID: 24000
Imported [App\Models\Pasien\Pasien] models up to ID: 25000
Imported [App\Models\Pasien\Pasien] models up to ID: 26000
Imported [App\Models\Pasien\Pasien] models up to ID: 27000
Imported [App\Models\Pasien\Pasien] models up to ID: 28000
Imported [App\Models\Pasien\Pasien] models up to ID: 29000
Imported [App\Models\Pasien\Pasien] models up to ID: 30000
Imported [App\Models\Pasien\Pasien] models up to ID: 31000
Imported [App\Models\Pasien\Pasien] models up to ID: 32000
Imported [App\Models\Pasien\Pasien] models up to ID: 33000
Imported [App\Models\Pasien\Pasien] models up to ID: 34000
Imported [App\Models\Pasien\Pasien] models up to ID: 35000
Imported [App\Models\Pasien\Pasien] models up to ID: 36000
Imported [App\Models\Pasien\Pasien] models up to ID: 37000
Imported [App\Models\Pasien\Pasien] models up to ID: 38000
Imported [App\Models\Pasien\Pasien] models up to ID: 39000
Imported [App\Models\Pasien\Pasien] models up to ID: 40000
Imported [App\Models\Pasien\Pasien] models up to ID: 41000
Imported [App\Models\Pasien\Pasien] models up to ID: 42000
Imported [App\Models\Pasien\Pasien] models up to ID: 43000
Imported [App\Models\Pasien\Pasien] models up to ID: 44000
Imported [App\Models\Pasien\Pasien] models up to ID: 45000
Imported [App\Models\Pasien\Pasien] models up to ID: 46000

In PDOConnection.php line 31:
                                             
  SQLSTATE[HY000] [2002] Connection refused  
                                             

In PDOConnection.php line 27:
                                             
  SQLSTATE[HY000] [2002] Connection refused  
                                             

Imported [App\Models\Pasien\Pasien] models up to ID: 1000
Imported [App\Models\Pasien\Pasien] models up to ID: 2000
Imported [App\Models\Pasien\Pasien] models up to ID: 3000
Imported [App\Models\Pasien\Pasien] models up to ID: 4000
Imported [App\Models\Pasien\Pasien] models up to ID: 5000
Imported [App\Models\Pasien\Pasien] models up to ID: 6000
All [App\Models\Pasien\Pasien] records have been imported.
Imported [App\Models\Pasien\Pasien] models up to ID: 1000
Imported [App\Models\Pasien\Pasien] models up to ID: 2000
Imported [App\Models\Pasien\Pasien] models up to ID: 3000
Imported [App\Models\Pasien\Pasien] models up to ID: 4000
Imported [App\Models\Pasien\Pasien] models up to ID: 5000
Imported [App\Models\Pasien\Pasien] models up to ID: 6000
Imported [App\Models\Pasien\Pasien] models up to ID: 7000
Imported [App\Models\Pasien\Pasien] models up to ID: 8000
Imported [App\Models\Pasien\Pasien] models up to ID: 9000
Imported [App\Models\Pasien\Pasien] models up to ID: 10000
Imported [App\Models\Pasien\Pasien] models up to ID: 1000
Imported [App\Models\Pasien\Pasien] models up to ID: 2000
Imported [App\Models\Pasien\Pasien] models up to ID: 1000
Imported [App\Models\Pasien\Pasien] models up to ID: 2000
Imported [App\Models\Pasien\Pasien] models up to ID: 3000
Imported [App\Models\Pasien\Pasien] models up to ID: 4000
Imported [App\Models\Pasien\Pasien] models up to ID: 5000
Imported [App\Models\Pasien\Pasien] models up to ID: 6000
Imported [App\Models\Pasien\Pasien] models up to ID: 7000
Imported [App\Models\Pasien\Pasien] models up to ID: 8000
Imported [App\Models\Pasien\Pasien] models up to ID: 9000
Imported [App\Models\Pasien\Pasien] models up to ID: 10000
Imported [App\Models\Pasien\Pasien] models up to ID: 11000
Imported [App\Models\Pasien\Pasien] models up to ID: 12000
Imported [App\Models\Pasien\Pasien] models up to ID: 13000
Imported [App\Models\Pasien\Pasien] models up to ID: 14000
Imported [App\Models\Pasien\Pasien] models up to ID: 15000
Imported [App\Models\Pasien\Pasien] models up to ID: 16000
Imported [App\Models\Pasien\Pasien] models up to ID: 17000
Imported [App\Models\Pasien\Pasien] models up to ID: 18000
Imported [App\Models\Pasien\Pasien] models up to ID: 19000
Imported [App\Models\Pasien\Pasien] models up to ID: 20000
Imported [App\Models\Pasien\Pasien] models up to ID: 21000
Imported [App\Models\Pasien\Pasien] models up to ID: 22000
Imported [App\Models\Pasien\Pasien] models up to ID: 23000
Imported [App\Models\Pasien\Pasien] models up to ID: 24000
Imported [App\Models\Pasien\Pasien] models up to ID: 25000
Imported [App\Models\Pasien\Pasien] models up to ID: 26000
Imported [App\Models\Pasien\Pasien] models up to ID: 27000
Imported [App\Models\Pasien\Pasien] models up to ID: 28000
Imported [App\Models\Pasien\Pasien] models up to ID: 29000
Imported [App\Models\Pasien\Pasien] models up to ID: 30000
Imported [App\Models\Pasien\Pasien] models up to ID: 31000
Imported [App\Models\Pasien\Pasien] models up to ID: 32000
Imported [App\Models\Pasien\Pasien] models up to ID: 33000
Imported [App\Models\Pasien\Pasien] models up to ID: 34000
Imported [App\Models\Pasien\Pasien] models up to ID: 35000
Imported [App\Models\Pasien\Pasien] models up to ID: 36000
Imported [App\Models\Pasien\Pasien] models up to ID: 37000
Imported [App\Models\Pasien\Pasien] models up to ID: 38000
Imported [App\Models\Pasien\Pasien] models up to ID: 39000
Imported [App\Models\Pasien\Pasien] models up to ID: 40000
Imported [App\Models\Pasien\Pasien] models up to ID: 41000
Imported [App\Models\Pasien\Pasien] models up to ID: 42000
Imported [App\Models\Pasien\Pasien] models up to ID: 43000
Imported [App\Models\Pasien\Pasien] models up to ID: 44000
Imported [App\Models\Pasien\Pasien] models up to ID: 45000
Imported [App\Models\Pasien\Pasien] models up to ID: 46000
Imported [App\Models\Pasien\Pasien] models up to ID: 47000
Imported [App\Models\Pasien\Pasien] models up to ID: 48000
Imported [App\Models\Pasien\Pasien] models up to ID: 49000
Imported [App\Models\Pasien\Pasien] models up to ID: 50000
Imported [App\Models\Pasien\Pasien] models up to ID: 51000
Imported [App\Models\Pasien\Pasien] models up to ID: 52000
Imported [App\Models\Pasien\Pasien] models up to ID: 53000
Imported [App\Models\Pasien\Pasien] models up to ID: 54000
Imported [App\Models\Pasien\Pasien] models up to ID: 55000
Imported [App\Models\Pasien\Pasien] models up to ID: 56000
Imported [App\Models\Pasien\Pasien] models up to ID: 57000
Imported [App\Models\Pasien\Pasien] models up to ID: 58000
Imported [App\Models\Pasien\Pasien] models up to ID: 59000
Imported [App\Models\Pasien\Pasien] models up to ID: 60000
Imported [App\Models\Pasien\Pasien] models up to ID: 61000
Imported [App\Models\Pasien\Pasien] models up to ID: 62000
Imported [App\Models\Pasien\Pasien] models up to ID: 63000
Imported [App\Models\Pasien\Pasien] models up to ID: 64000
Imported [App\Models\Pasien\Pasien] models up to ID: 65000
Imported [App\Models\Pasien\Pasien] models up to ID: 66000
Imported [App\Models\Pasien\Pasien] models up to ID: 67000
Imported [App\Models\Pasien\Pasien] models up to ID: 68000
Imported [App\Models\Pasien\Pasien] models up to ID: 69000
Imported [App\Models\Pasien\Pasien] models up to ID: 70000
Imported [App\Models\Pasien\Pasien] models up to ID: 71000
Imported [App\Models\Pasien\Pasien] models up to ID: 72000
Imported [App\Models\Pasien\Pasien] models up to ID: 73000
Imported [App\Models\Pasien\Pasien] models up to ID: 74000
Imported [App\Models\Pasien\Pasien] models up to ID: 75000
Imported [App\Models\Pasien\Pasien] models up to ID: 76000
Imported [App\Models\Pasien\Pasien] models up to ID: 77000
Imported [App\Models\Pasien\Pasien] models up to ID: 78000
Imported [App\Models\Pasien\Pasien] models up to ID: 79000
Imported [App\Models\Pasien\Pasien] models up to ID: 80000
Imported [App\Models\Pasien\Pasien] models up to ID: 81000
Imported [App\Models\Pasien\Pasien] models up to ID: 82000
Imported [App\Models\Pasien\Pasien] models up to ID: 83000
Imported [App\Models\Pasien\Pasien] models up to ID: 84000
Imported [App\Models\Pasien\Pasien] models up to ID: 85000
Imported [App\Models\Pasien\Pasien] models up to ID: 86000
Imported [App\Models\Pasien\Pasien] models up to ID: 87000
Imported [App\Models\Pasien\Pasien] models up to ID: 88000
Imported [App\Models\Pasien\Pasien] models up to ID: 89000
Imported [App\Models\Pasien\Pasien] models up to ID: 90000
Imported [App\Models\Pasien\Pasien] models up to ID: 91000
Imported [App\Models\Pasien\Pasien] models up to ID: 92000
Imported [App\Models\Pasien\Pasien] models up to ID: 93000
Imported [App\Models\Pasien\Pasien] models up to ID: 94000
Imported [App\Models\Pasien\Pasien] models up to ID: 95000
Imported [App\Models\Pasien\Pasien] models up to ID: 96000
Imported [App\Models\Pasien\Pasien] models up to ID: 97000
Imported [App\Models\Pasien\Pasien] models up to ID: 98000
Imported [App\Models\Pasien\Pasien] models up to ID: 99000
Imported [App\Models\Pasien\Pasien] models up to ID: 100000
Imported [App\Models\Pasien\Pasien] models up to ID: 101000
Imported [App\Models\Pasien\Pasien] models up to ID: 102000
Imported [App\Models\Pasien\Pasien] models up to ID: 103000
Imported [App\Models\Pasien\Pasien] models up to ID: 104000
Imported [App\Models\Pasien\Pasien] models up to ID: 105000
Imported [App\Models\Pasien\Pasien] models up to ID: 106000
Imported [App\Models\Pasien\Pasien] models up to ID: 107000
Imported [App\Models\Pasien\Pasien] models up to ID: 108000
Imported [App\Models\Pasien\Pasien] models up to ID: 109000
Imported [App\Models\Pasien\Pasien] models up to ID: 110000
Imported [App\Models\Pasien\Pasien] models up to ID: 111000
Imported [App\Models\Pasien\Pasien] models up to ID: 112000
Imported [App\Models\Pasien\Pasien] models up to ID: 113000
Imported [App\Models\Pasien\Pasien] models up to ID: 114000
Imported [App\Models\Pasien\Pasien] models up to ID: 115000
Imported [App\Models\Pasien\Pasien] models up to ID: 116000
Imported [App\Models\Pasien\Pasien] models up to ID: 117000
Imported [App\Models\Pasien\Pasien] models up to ID: 118000
Imported [App\Models\Pasien\Pasien] models up to ID: 119000
Imported [App\Models\Pasien\Pasien] models up to ID: 120000
Imported [App\Models\Pasien\Pasien] models up to ID: 121000
Imported [App\Models\Pasien\Pasien] models up to ID: 122000
Imported [App\Models\Pasien\Pasien] models up to ID: 123000
Imported [App\Models\Pasien\Pasien] models up to ID: 124000
Imported [App\Models\Pasien\Pasien] models up to ID: 125000
Imported [App\Models\Pasien\Pasien] models up to ID: 126000
Imported [App\Models\Pasien\Pasien] models up to ID: 127000
Imported [App\Models\Pasien\Pasien] models up to ID: 128000
Imported [App\Models\Pasien\Pasien] models up to ID: 129000
Imported [App\Models\Pasien\Pasien] models up to ID: 130000
Imported [App\Models\Pasien\Pasien] models up to ID: 131000
Imported [App\Models\Pasien\Pasien] models up to ID: 132000
Imported [App\Models\Pasien\Pasien] models up to ID: 133000
Imported [App\Models\Pasien\Pasien] models up to ID: 134000
Imported [App\Models\Pasien\Pasien] models up to ID: 135000
Imported [App\Models\Pasien\Pasien] models up to ID: 136000
Imported [App\Models\Pasien\Pasien] models up to ID: 137000
Imported [App\Models\Pasien\Pasien] models up to ID: 138000
Imported [App\Models\Pasien\Pasien] models up to ID: 139000
Imported [App\Models\Pasien\Pasien] models up to ID: 140000
Imported [App\Models\Pasien\Pasien] models up to ID: 141000
Imported [App\Models\Pasien\Pasien] models up to ID: 142000
Imported [App\Models\Pasien\Pasien] models up to ID: 143000
Imported [App\Models\Pasien\Pasien] models up to ID: 144000
Imported [App\Models\Pasien\Pasien] models up to ID: 145000
Imported [App\Models\Pasien\Pasien] models up to ID: 146000
Imported [App\Models\Pasien\Pasien] models up to ID: 147000
Imported [App\Models\Pasien\Pasien] models up to ID: 148000
Imported [App\Models\Pasien\Pasien] models up to ID: 149000
Imported [App\Models\Pasien\Pasien] models up to ID: 150000
Imported [App\Models\Pasien\Pasien] models up to ID: 151000
Imported [App\Models\Pasien\Pasien] models up to ID: 152000
Imported [App\Models\Pasien\Pasien] models up to ID: 153000
Imported [App\Models\Pasien\Pasien] models up to ID: 154000
Imported [App\Models\Pasien\Pasien] models up to ID: 155000
Imported [App\Models\Pasien\Pasien] models up to ID: 156000
Imported [App\Models\Pasien\Pasien] models up to ID: 157000
Imported [App\Models\Pasien\Pasien] models up to ID: 158000
Imported [App\Models\Pasien\Pasien] models up to ID: 159000
Imported [App\Models\Pasien\Pasien] models up to ID: 160000
Imported [App\Models\Pasien\Pasien] models up to ID: 161000
Imported [App\Models\Pasien\Pasien] models up to ID: 162000
Imported [App\Models\Pasien\Pasien] models up to ID: 163000
Imported [App\Models\Pasien\Pasien] models up to ID: 164000
Imported [App\Models\Pasien\Pasien] models up to ID: 165000
Imported [App\Models\Pasien\Pasien] models up to ID: 166000
Imported [App\Models\Pasien\Pasien] models up to ID: 167000
Imported [App\Models\Pasien\Pasien] models up to ID: 168000
Imported [App\Models\Pasien\Pasien] models up to ID: 169000
Imported [App\Models\Pasien\Pasien] models up to ID: 170000
Imported [App\Models\Pasien\Pasien] models up to ID: 171000
Imported [App\Models\Pasien\Pasien] models up to ID: 172000
Imported [App\Models\Pasien\Pasien] models up to ID: 173000
Imported [App\Models\Pasien\Pasien] models up to ID: 174000
Imported [App\Models\Pasien\Pasien] models up to ID: 175000
Imported [App\Models\Pasien\Pasien] models up to ID: 176000
Imported [App\Models\Pasien\Pasien] models up to ID: 177000
Imported [App\Models\Pasien\Pasien] models up to ID: 178000
Imported [App\Models\Pasien\Pasien] models up to ID: 179000
Imported [App\Models\Pasien\Pasien] models up to ID: 180000
Imported [App\Models\Pasien\Pasien] models up to ID: 181000
Imported [App\Models\Pasien\Pasien] models up to ID: 182000
Imported [App\Models\Pasien\Pasien] models up to ID: 183000
Imported [App\Models\Pasien\Pasien] models up to ID: 184000
Imported [App\Models\Pasien\Pasien] models up to ID: 185000
Imported [App\Models\Pasien\Pasien] models up to ID: 186000
Imported [App\Models\Pasien\Pasien] models up to ID: 187000
Imported [App\Models\Pasien\Pasien] models up to ID: 188000
Imported [App\Models\Pasien\Pasien] models up to ID: 189000
Imported [App\Models\Pasien\Pasien] models up to ID: 190000
Imported [App\Models\Pasien\Pasien] models up to ID: 191000
Imported [App\Models\Pasien\Pasien] models up to ID: 192000
Imported [App\Models\Pasien\Pasien] models up to ID: 193000
Imported [App\Models\Pasien\Pasien] models up to ID: 194000
Imported [App\Models\Pasien\Pasien] models up to ID: 195000
Imported [App\Models\Pasien\Pasien] models up to ID: 196000
Imported [App\Models\Pasien\Pasien] models up to ID: 197000
Imported [App\Models\Pasien\Pasien] models up to ID: 198000
Imported [App\Models\Pasien\Pasien] models up to ID: 199000
Imported [App\Models\Pasien\Pasien] models up to ID: 200000
Imported [App\Models\Pasien\Pasien] models up to ID: 201000
Imported [App\Models\Pasien\Pasien] models up to ID: 202000
Imported [App\Models\Pasien\Pasien] models up to ID: 203000
Imported [App\Models\Pasien\Pasien] models up to ID: 204000
Imported [App\Models\Pasien\Pasien] models up to ID: 205000
Imported [App\Models\Pasien\Pasien] models up to ID: 206000
Imported [App\Models\Pasien\Pasien] models up to ID: 207000
Imported [App\Models\Pasien\Pasien] models up to ID: 208000
Imported [App\Models\Pasien\Pasien] models up to ID: 209000
Imported [App\Models\Pasien\Pasien] models up to ID: 210000
Imported [App\Models\Pasien\Pasien] models up to ID: 211000
Imported [App\Models\Pasien\Pasien] models up to ID: 212000
Imported [App\Models\Pasien\Pasien] models up to ID: 213000
Imported [App\Models\Pasien\Pasien] models up to ID: 214000
Imported [App\Models\Pasien\Pasien] models up to ID: 215000
Imported [App\Models\Pasien\Pasien] models up to ID: 216000
Imported [App\Models\Pasien\Pasien] models up to ID: 217000
Imported [App\Models\Pasien\Pasien] models up to ID: 218000
Imported [App\Models\Pasien\Pasien] models up to ID: 219000
Imported [App\Models\Pasien\Pasien] models up to ID: 220000
Imported [App\Models\Pasien\Pasien] models up to ID: 221000
Imported [App\Models\Pasien\Pasien] models up to ID: 222000
Imported [App\Models\Pasien\Pasien] models up to ID: 223000
Imported [App\Models\Pasien\Pasien] models up to ID: 224000
Imported [App\Models\Pasien\Pasien] models up to ID: 225000
Imported [App\Models\Pasien\Pasien] models up to ID: 226000
Imported [App\Models\Pasien\Pasien] models up to ID: 227000
Imported [App\Models\Pasien\Pasien] models up to ID: 228000
Imported [App\Models\Pasien\Pasien] models up to ID: 229000
Imported [App\Models\Pasien\Pasien] models up to ID: 230000
Imported [App\Models\Pasien\Pasien] models up to ID: 231000
Imported [App\Models\Pasien\Pasien] models up to ID: 232000
Imported [App\Models\Pasien\Pasien] models up to ID: 233000
Imported [App\Models\Pasien\Pasien] models up to ID: 234000
Imported [App\Models\Pasien\Pasien] models up to ID: 235000
Imported [App\Models\Pasien\Pasien] models up to ID: 236000
Imported [App\Models\Pasien\Pasien] models up to ID: 237000
Imported [App\Models\Pasien\Pasien] models up to ID: 238000
Imported [App\Models\Pasien\Pasien] models up to ID: 239000
Imported [App\Models\Pasien\Pasien] models up to ID: 240000
Imported [App\Models\Pasien\Pasien] models up to ID: 241000
Imported [App\Models\Pasien\Pasien] models up to ID: 242000
Imported [App\Models\Pasien\Pasien] models up to ID: 243000
Imported [App\Models\Pasien\Pasien] models up to ID: 244000
Imported [App\Models\Pasien\Pasien] models up to ID: 245000
Imported [App\Models\Pasien\Pasien] models up to ID: 246000
Imported [App\Models\Pasien\Pasien] models up to ID: 247000
Imported [App\Models\Pasien\Pasien] models up to ID: 248000
Imported [App\Models\Pasien\Pasien] models up to ID: 249000
Imported [App\Models\Pasien\Pasien] models up to ID: 250000
Imported [App\Models\Pasien\Pasien] models up to ID: 251000
Imported [App\Models\Pasien\Pasien] models up to ID: 252000
Imported [App\Models\Pasien\Pasien] models up to ID: 253000
Imported [App\Models\Pasien\Pasien] models up to ID: 254000
Imported [App\Models\Pasien\Pasien] models up to ID: 255000
Imported [App\Models\Pasien\Pasien] models up to ID: 256000
Imported [App\Models\Pasien\Pasien] models up to ID: 257000
Imported [App\Models\Pasien\Pasien] models up to ID: 258000
Imported [App\Models\Pasien\Pasien] models up to ID: 259000
Imported [App\Models\Pasien\Pasien] models up to ID: 260000
Imported [App\Models\Pasien\Pasien] models up to ID: 261000
Imported [App\Models\Pasien\Pasien] models up to ID: 262000
Imported [App\Models\Pasien\Pasien] models up to ID: 263000
Imported [App\Models\Pasien\Pasien] models up to ID: 264000
Imported [App\Models\Pasien\Pasien] models up to ID: 265000
Imported [App\Models\Pasien\Pasien] models up to ID: 266000
Imported [App\Models\Pasien\Pasien] models up to ID: 267000
Imported [App\Models\Pasien\Pasien] models up to ID: 268000
Imported [App\Models\Pasien\Pasien] models up to ID: 269000
Imported [App\Models\Pasien\Pasien] models up to ID: 270000
Imported [App\Models\Pasien\Pasien] models up to ID: 271000
Imported [App\Models\Pasien\Pasien] models up to ID: 272000
Imported [App\Models\Pasien\Pasien] models up to ID: 273000
Imported [App\Models\Pasien\Pasien] models up to ID: 274000
Imported [App\Models\Pasien\Pasien] models up to ID: 275000
Imported [App\Models\Pasien\Pasien] models up to ID: 276000
Imported [App\Models\Pasien\Pasien] models up to ID: 277000
Imported [App\Models\Pasien\Pasien] models up to ID: 278000
Imported [App\Models\Pasien\Pasien] models up to ID: 279000
Imported [App\Models\Pasien\Pasien] models up to ID: 280000
Imported [App\Models\Pasien\Pasien] models up to ID: 281000
Imported [App\Models\Pasien\Pasien] models up to ID: 282000
Imported [App\Models\Pasien\Pasien] models up to ID: 283000
Imported [App\Models\Pasien\Pasien] models up to ID: 284000
Imported [App\Models\Pasien\Pasien] models up to ID: 285000
Imported [App\Models\Pasien\Pasien] models up to ID: 286000
Imported [App\Models\Pasien\Pasien] models up to ID: 287000
Imported [App\Models\Pasien\Pasien] models up to ID: 288000
Imported [App\Models\Pasien\Pasien] models up to ID: 289000
Imported [App\Models\Pasien\Pasien] models up to ID: 290000
Imported [App\Models\Pasien\Pasien] models up to ID: 291000
Imported [App\Models\Pasien\Pasien] models up to ID: 292000
Imported [App\Models\Pasien\Pasien] models up to ID: 293000
Imported [App\Models\Pasien\Pasien] models up to ID: 294000
Imported [App\Models\Pasien\Pasien] models up to ID: 295000
Imported [App\Models\Pasien\Pasien] models up to ID: 296000
Imported [App\Models\Pasien\Pasien] models up to ID: 297000
Imported [App\Models\Pasien\Pasien] models up to ID: 298000
Imported [App\Models\Pasien\Pasien] models up to ID: 299000
Imported [App\Models\Pasien\Pasien] models up to ID: 300000
Imported [App\Models\Pasien\Pasien] models up to ID: 301000
Imported [App\Models\Pasien\Pasien] models up to ID: 302000
Imported [App\Models\Pasien\Pasien] models up to ID: 303000
Imported [App\Models\Pasien\Pasien] models up to ID: 304000
Imported [App\Models\Pasien\Pasien] models up to ID: 305000
Imported [App\Models\Pasien\Pasien] models up to ID: 306000
Imported [App\Models\Pasien\Pasien] models up to ID: 307000
Imported [App\Models\Pasien\Pasien] models up to ID: 308000
Imported [App\Models\Pasien\Pasien] models up to ID: 309000
Imported [App\Models\Pasien\Pasien] models up to ID: 310000
Imported [App\Models\Pasien\Pasien] models up to ID: 311000
Imported [App\Models\Pasien\Pasien] models up to ID: 312000
Imported [App\Models\Pasien\Pasien] models up to ID: 313000
Imported [App\Models\Pasien\Pasien] models up to ID: 314000
Imported [App\Models\Pasien\Pasien] models up to ID: 315000
Imported [App\Models\Pasien\Pasien] models up to ID: 316000
Imported [App\Models\Pasien\Pasien] models up to ID: 317000
Imported [App\Models\Pasien\Pasien] models up to ID: 318000
Imported [App\Models\Pasien\Pasien] models up to ID: 319000
Imported [App\Models\Pasien\Pasien] models up to ID: 320000
Imported [App\Models\Pasien\Pasien] models up to ID: 321000
Imported [App\Models\Pasien\Pasien] models up to ID: 322000
Imported [App\Models\Pasien\Pasien] models up to ID: 323000
Imported [App\Models\Pasien\Pasien] models up to ID: 324000
Imported [App\Models\Pasien\Pasien] models up to ID: 325000
Imported [App\Models\Pasien\Pasien] models up to ID: 326000
Imported [App\Models\Pasien\Pasien] models up to ID: 327000
Imported [App\Models\Pasien\Pasien] models up to ID: 328000
Imported [App\Models\Pasien\Pasien] models up to ID: 329000
Imported [App\Models\Pasien\Pasien] models up to ID: 330000
Imported [App\Models\Pasien\Pasien] models up to ID: 331000
Imported [App\Models\Pasien\Pasien] models up to ID: 332000
Imported [App\Models\Pasien\Pasien] models up to ID: 333000
Imported [App\Models\Pasien\Pasien] models up to ID: 334000
Imported [App\Models\Pasien\Pasien] models up to ID: 335000
Imported [App\Models\Pasien\Pasien] models up to ID: 336000
Imported [App\Models\Pasien\Pasien] models up to ID: 337000
Imported [App\Models\Pasien\Pasien] models up to ID: 338000
Imported [App\Models\Pasien\Pasien] models up to ID: 339000
Imported [App\Models\Pasien\Pasien] models up to ID: 340000
Imported [App\Models\Pasien\Pasien] models up to ID: 341000
Imported [App\Models\Pasien\Pasien] models up to ID: 342000
Imported [App\Models\Pasien\Pasien] models up to ID: 343000
Imported [App\Models\Pasien\Pasien] models up to ID: 344000
Imported [App\Models\Pasien\Pasien] models up to ID: 345000
Imported [App\Models\Pasien\Pasien] models up to ID: 346000
Imported [App\Models\Pasien\Pasien] models up to ID: 347000
Imported [App\Models\Pasien\Pasien] models up to ID: 348000
Imported [App\Models\Pasien\Pasien] models up to ID: 349000
Imported [App\Models\Pasien\Pasien] models up to ID: 350000
Imported [App\Models\Pasien\Pasien] models up to ID: 351000
Imported [App\Models\Pasien\Pasien] models up to ID: 352000
Imported [App\Models\Pasien\Pasien] models up to ID: 353000
Imported [App\Models\Pasien\Pasien] models up to ID: 354000
Imported [App\Models\Pasien\Pasien] models up to ID: 355000
Imported [App\Models\Pasien\Pasien] models up to ID: 356000
Imported [App\Models\Pasien\Pasien] models up to ID: 357000
Imported [App\Models\Pasien\Pasien] models up to ID: 358000
Imported [App\Models\Pasien\Pasien] models up to ID: 359000
Imported [App\Models\Pasien\Pasien] models up to ID: 360000
Imported [App\Models\Pasien\Pasien] models up to ID: 361000
Imported [App\Models\Pasien\Pasien] models up to ID: 362000
Imported [App\Models\Pasien\Pasien] models up to ID: 363000
Imported [App\Models\Pasien\Pasien] models up to ID: 364000
Imported [App\Models\Pasien\Pasien] models up to ID: 365000
Imported [App\Models\Pasien\Pasien] models up to ID: 366000
Imported [App\Models\Pasien\Pasien] models up to ID: 367000
Imported [App\Models\Pasien\Pasien] models up to ID: 368000
Imported [App\Models\Pasien\Pasien] models up to ID: 369000
Imported [App\Models\Pasien\Pasien] models up to ID: 370000
Imported [App\Models\Pasien\Pasien] models up to ID: 371000
Imported [App\Models\Pasien\Pasien] models up to ID: 372000
Imported [App\Models\Pasien\Pasien] models up to ID: 373000
Imported [App\Models\Pasien\Pasien] models up to ID: 374000
Imported [App\Models\Pasien\Pasien] models up to ID: 375000
Imported [App\Models\Pasien\Pasien] models up to ID: 376000
Imported [App\Models\Pasien\Pasien] models up to ID: 377000
Imported [App\Models\Pasien\Pasien] models up to ID: 378000
Imported [App\Models\Pasien\Pasien] models up to ID: 379000
Imported [App\Models\Pasien\Pasien] models up to ID: 380000
Imported [App\Models\Pasien\Pasien] models up to ID: 381000
Imported [App\Models\Pasien\Pasien] models up to ID: 382000
Imported [App\Models\Pasien\Pasien] models up to ID: 383000
Imported [App\Models\Pasien\Pasien] models up to ID: 384000
Imported [App\Models\Pasien\Pasien] models up to ID: 385000
Imported [App\Models\Pasien\Pasien] models up to ID: 386000
Imported [App\Models\Pasien\Pasien] models up to ID: 387000
Imported [App\Models\Pasien\Pasien] models up to ID: 388000
Imported [App\Models\Pasien\Pasien] models up to ID: 389000
Imported [App\Models\Pasien\Pasien] models up to ID: 390000
Imported [App\Models\Pasien\Pasien] models up to ID: 391000
Imported [App\Models\Pasien\Pasien] models up to ID: 392000
Imported [App\Models\Pasien\Pasien] models up to ID: 393000
Imported [App\Models\Pasien\Pasien] models up to ID: 394000
Imported [App\Models\Pasien\Pasien] models up to ID: 395000
Imported [App\Models\Pasien\Pasien] models up to ID: 396000
Imported [App\Models\Pasien\Pasien] models up to ID: 397000
Imported [App\Models\Pasien\Pasien] models up to ID: 398000
Imported [App\Models\Pasien\Pasien] models up to ID: 399000
Imported [App\Models\Pasien\Pasien] models up to ID: 400000
Imported [App\Models\Pasien\Pasien] models up to ID: 401000
Imported [App\Models\Pasien\Pasien] models up to ID: 402000
Imported [App\Models\Pasien\Pasien] models up to ID: 403000
Imported [App\Models\Pasien\Pasien] models up to ID: 404000
Imported [App\Models\Pasien\Pasien] models up to ID: 405000
Imported [App\Models\Pasien\Pasien] models up to ID: 406000
Imported [App\Models\Pasien\Pasien] models up to ID: 407000
Imported [App\Models\Pasien\Pasien] models up to ID: 408000
Imported [App\Models\Pasien\Pasien] models up to ID: 409000
Imported [App\Models\Pasien\Pasien] models up to ID: 410000
Imported [App\Models\Pasien\Pasien] models up to ID: 411000
Imported [App\Models\Pasien\Pasien] models up to ID: 412000
Imported [App\Models\Pasien\Pasien] models up to ID: 413000
Imported [App\Models\Pasien\Pasien] models up to ID: 414000
Imported [App\Models\Pasien\Pasien] models up to ID: 415000
Imported [App\Models\Pasien\Pasien] models up to ID: 416000
Imported [App\Models\Pasien\Pasien] models up to ID: 417000
Imported [App\Models\Pasien\Pasien] models up to ID: 418000
Imported [App\Models\Pasien\Pasien] models up to ID: 419000
Imported [App\Models\Pasien\Pasien] models up to ID: 420000
Imported [App\Models\Pasien\Pasien] models up to ID: 421000
Imported [App\Models\Pasien\Pasien] models up to ID: 422000
Imported [App\Models\Pasien\Pasien] models up to ID: 423000
Imported [App\Models\Pasien\Pasien] models up to ID: 424000
Imported [App\Models\Pasien\Pasien] models up to ID: 425000
Imported [App\Models\Pasien\Pasien] models up to ID: 426000
Imported [App\Models\Pasien\Pasien] models up to ID: 427000
Imported [App\Models\Pasien\Pasien] models up to ID: 428000
Imported [App\Models\Pasien\Pasien] models up to ID: 429000
Imported [App\Models\Pasien\Pasien] models up to ID: 430000
Imported [App\Models\Pasien\Pasien] models up to ID: 431000
Imported [App\Models\Pasien\Pasien] models up to ID: 432000
Imported [App\Models\Pasien\Pasien] models up to ID: 433000
Imported [App\Models\Pasien\Pasien] models up to ID: 434000
Imported [App\Models\Pasien\Pasien] models up to ID: 435000
Imported [App\Models\Pasien\Pasien] models up to ID: 436000
Imported [App\Models\Pasien\Pasien] models up to ID: 437000
Imported [App\Models\Pasien\Pasien] models up to ID: 438000
Imported [App\Models\Pasien\Pasien] models up to ID: 439000
Imported [App\Models\Pasien\Pasien] models up to ID: 440000
Imported [App\Models\Pasien\Pasien] models up to ID: 441000
Imported [App\Models\Pasien\Pasien] models up to ID: 442000
Imported [App\Models\Pasien\Pasien] models up to ID: 443000
Imported [App\Models\Pasien\Pasien] models up to ID: 444000
Imported [App\Models\Pasien\Pasien] models up to ID: 445000
Imported [App\Models\Pasien\Pasien] models up to ID: 446000
Imported [App\Models\Pasien\Pasien] models up to ID: 447000
Imported [App\Models\Pasien\Pasien] models up to ID: 448000
Imported [App\Models\Pasien\Pasien] models up to ID: 449000
Imported [App\Models\Pasien\Pasien] models up to ID: 450000
Imported [App\Models\Pasien\Pasien] models up to ID: 451000
Imported [App\Models\Pasien\Pasien] models up to ID: 452000
Imported [App\Models\Pasien\Pasien] models up to ID: 453000
Imported [App\Models\Pasien\Pasien] models up to ID: 454000
Imported [App\Models\Pasien\Pasien] models up to ID: 455000
Imported [App\Models\Pasien\Pasien] models up to ID: 456000
Imported [App\Models\Pasien\Pasien] models up to ID: 457000
Imported [App\Models\Pasien\Pasien] models up to ID: 458000
Imported [App\Models\Pasien\Pasien] models up to ID: 459000
Imported [App\Models\Pasien\Pasien] models up to ID: 460000
Imported [App\Models\Pasien\Pasien] models up to ID: 461000
Imported [App\Models\Pasien\Pasien] models up to ID: 462000
Imported [App\Models\Pasien\Pasien] models up to ID: 463000
Imported [App\Models\Pasien\Pasien] models up to ID: 464000
Imported [App\Models\Pasien\Pasien] models up to ID: 465000
Imported [App\Models\Pasien\Pasien] models up to ID: 466000
Imported [App\Models\Pasien\Pasien] models up to ID: 467000
Imported [App\Models\Pasien\Pasien] models up to ID: 468000
Imported [App\Models\Pasien\Pasien] models up to ID: 469000
Imported [App\Models\Pasien\Pasien] models up to ID: 470000
Imported [App\Models\Pasien\Pasien] models up to ID: 471000
Imported [App\Models\Pasien\Pasien] models up to ID: 472000
Imported [App\Models\Pasien\Pasien] models up to ID: 473000
Imported [App\Models\Pasien\Pasien] models up to ID: 474000
Imported [App\Models\Pasien\Pasien] models up to ID: 475000
Imported [App\Models\Pasien\Pasien] models up to ID: 476000
Imported [App\Models\Pasien\Pasien] models up to ID: 477000
Imported [App\Models\Pasien\Pasien] models up to ID: 478000
Imported [App\Models\Pasien\Pasien] models up to ID: 479000
Imported [App\Models\Pasien\Pasien] models up to ID: 480000
Imported [App\Models\Pasien\Pasien] models up to ID: 481000
Imported [App\Models\Pasien\Pasien] models up to ID: 481720
All [App\Models\Pasien\Pasien] records have been imported.
Imported [App\Models\Pasien\Pasien] models up to ID: 1000
Imported [App\Models\Pasien\Pasien] models up to ID: 2000
Imported [App\Models\Pasien\Pasien] models up to ID: 3000
Imported [App\Models\Pasien\Pasien] models up to ID: 4000
Imported [App\Models\Pasien\Pasien] models up to ID: 5000
Imported [App\Models\Pasien\Pasien] models up to ID: 6000
Imported [App\Models\Pasien\Pasien] models up to ID: 7000
Imported [App\Models\Pasien\Pasien] models up to ID: 8000
Imported [App\Models\Pasien\Pasien] models up to ID: 9000
Imported [App\Models\Pasien\Pasien] models up to ID: 10000
Imported [App\Models\Pasien\Pasien] models up to ID: 11000
Imported [App\Models\Pasien\Pasien] models up to ID: 12000
Imported [App\Models\Pasien\Pasien] models up to ID: 13000
Imported [App\Models\Pasien\Pasien] models up to ID: 14000
Imported [App\Models\Pasien\Pasien] models up to ID: 15000
Imported [App\Models\Pasien\Pasien] models up to ID: 16000
Imported [App\Models\Pasien\Pasien] models up to ID: 17000
Imported [App\Models\Pasien\Pasien] models up to ID: 18000
Imported [App\Models\Pasien\Pasien] models up to ID: 19000
Imported [App\Models\Pasien\Pasien] models up to ID: 20000
Imported [App\Models\Pasien\Pasien] models up to ID: 21000
Imported [App\Models\Pasien\Pasien] models up to ID: 22000
Imported [App\Models\Pasien\Pasien] models up to ID: 23000
Imported [App\Models\Pasien\Pasien] models up to ID: 24000
Imported [App\Models\Pasien\Pasien] models up to ID: 25000
Imported [App\Models\Pasien\Pasien] models up to ID: 26000
Imported [App\Models\Pasien\Pasien] models up to ID: 27000
Imported [App\Models\Pasien\Pasien] models up to ID: 28000
Imported [App\Models\Pasien\Pasien] models up to ID: 29000
Imported [App\Models\Pasien\Pasien] models up to ID: 30000
Imported [App\Models\Pasien\Pasien] models up to ID: 31000
Imported [App\Models\Pasien\Pasien] models up to ID: 32000
Imported [App\Models\Pasien\Pasien] models up to ID: 33000
Imported [App\Models\Pasien\Pasien] models up to ID: 34000
Imported [App\Models\Pasien\Pasien] models up to ID: 35000
Imported [App\Models\Pasien\Pasien] models up to ID: 36000
Imported [App\Models\Pasien\Pasien] models up to ID: 37000
Imported [App\Models\Pasien\Pasien] models up to ID: 38000
Imported [App\Models\Pasien\Pasien] models up to ID: 39000
Imported [App\Models\Pasien\Pasien] models up to ID: 40000
Imported [App\Models\Pasien\Pasien] models up to ID: 41000
Imported [App\Models\Pasien\Pasien] models up to ID: 42000
Imported [App\Models\Pasien\Pasien] models up to ID: 43000
Imported [App\Models\Pasien\Pasien] models up to ID: 44000
Imported [App\Models\Pasien\Pasien] models up to ID: 45000
Imported [App\Models\Pasien\Pasien] models up to ID: 46000
Imported [App\Models\Pasien\Pasien] models up to ID: 47000
Imported [App\Models\Pasien\Pasien] models up to ID: 48000
Imported [App\Models\Pasien\Pasien] models up to ID: 49000
Imported [App\Models\Pasien\Pasien] models up to ID: 50000
Imported [App\Models\Pasien\Pasien] models up to ID: 51000
Imported [App\Models\Pasien\Pasien] models up to ID: 52000
Imported [App\Models\Pasien\Pasien] models up to ID: 53000
Imported [App\Models\Pasien\Pasien] models up to ID: 54000
Imported [App\Models\Pasien\Pasien] models up to ID: 55000
Imported [App\Models\Pasien\Pasien] models up to ID: 56000
Imported [App\Models\Pasien\Pasien] models up to ID: 57000
Imported [App\Models\Pasien\Pasien] models up to ID: 58000
Imported [App\Models\Pasien\Pasien] models up to ID: 59000
Imported [App\Models\Pasien\Pasien] models up to ID: 60000
Imported [App\Models\Pasien\Pasien] models up to ID: 61000
Imported [App\Models\Pasien\Pasien] models up to ID: 62000
Imported [App\Models\Pasien\Pasien] models up to ID: 63000
Imported [App\Models\Pasien\Pasien] models up to ID: 64000
Imported [App\Models\Pasien\Pasien] models up to ID: 65000
Imported [App\Models\Pasien\Pasien] models up to ID: 66000
Imported [App\Models\Pasien\Pasien] models up to ID: 67000
Imported [App\Models\Pasien\Pasien] models up to ID: 68000
Imported [App\Models\Pasien\Pasien] models up to ID: 69000
Imported [App\Models\Pasien\Pasien] models up to ID: 70000
Imported [App\Models\Pasien\Pasien] models up to ID: 71000
Imported [App\Models\Pasien\Pasien] models up to ID: 72000
Imported [App\Models\Pasien\Pasien] models up to ID: 73000
Imported [App\Models\Pasien\Pasien] models up to ID: 74000
Imported [App\Models\Pasien\Pasien] models up to ID: 75000
Imported [App\Models\Pasien\Pasien] models up to ID: 76000
Imported [App\Models\Pasien\Pasien] models up to ID: 77000
Imported [App\Models\Pasien\Pasien] models up to ID: 78000
Imported [App\Models\Pasien\Pasien] models up to ID: 79000
Imported [App\Models\Pasien\Pasien] models up to ID: 80000
Imported [App\Models\Pasien\Pasien] models up to ID: 81000
Imported [App\Models\Pasien\Pasien] models up to ID: 82000
Imported [App\Models\Pasien\Pasien] models up to ID: 83000
Imported [App\Models\Pasien\Pasien] models up to ID: 84000
Imported [App\Models\Pasien\Pasien] models up to ID: 85000
Imported [App\Models\Pasien\Pasien] models up to ID: 86000
Imported [App\Models\Pasien\Pasien] models up to ID: 87000
Imported [App\Models\Pasien\Pasien] models up to ID: 88000
Imported [App\Models\Pasien\Pasien] models up to ID: 89000
Imported [App\Models\Pasien\Pasien] models up to ID: 90000
Imported [App\Models\Pasien\Pasien] models up to ID: 91000
Imported [App\Models\Pasien\Pasien] models up to ID: 92000
Imported [App\Models\Pasien\Pasien] models up to ID: 93000
Imported [App\Models\Pasien\Pasien] models up to ID: 94000
Imported [App\Models\Pasien\Pasien] models up to ID: 95000
Imported [App\Models\Pasien\Pasien] models up to ID: 96000
Imported [App\Models\Pasien\Pasien] models up to ID: 97000
Imported [App\Models\Pasien\Pasien] models up to ID: 98000
Imported [App\Models\Pasien\Pasien] models up to ID: 99000
Imported [App\Models\Pasien\Pasien] models up to ID: 100000
Imported [App\Models\Pasien\Pasien] models up to ID: 101000
Imported [App\Models\Pasien\Pasien] models up to ID: 102000
Imported [App\Models\Pasien\Pasien] models up to ID: 103000
Imported [App\Models\Pasien\Pasien] models up to ID: 104000
Imported [App\Models\Pasien\Pasien] models up to ID: 105000
Imported [App\Models\Pasien\Pasien] models up to ID: 106000
Imported [App\Models\Pasien\Pasien] models up to ID: 107000
Imported [App\Models\Pasien\Pasien] models up to ID: 108000
Imported [App\Models\Pasien\Pasien] models up to ID: 109000
Imported [App\Models\Pasien\Pasien] models up to ID: 110000
Imported [App\Models\Pasien\Pasien] models up to ID: 111000
Imported [App\Models\Pasien\Pasien] models up to ID: 112000
Imported [App\Models\Pasien\Pasien] models up to ID: 113000
Imported [App\Models\Pasien\Pasien] models up to ID: 114000
Imported [App\Models\Pasien\Pasien] models up to ID: 115000
Imported [App\Models\Pasien\Pasien] models up to ID: 116000
Imported [App\Models\Pasien\Pasien] models up to ID: 117000
Imported [App\Models\Pasien\Pasien] models up to ID: 118000
Imported [App\Models\Pasien\Pasien] models up to ID: 119000
Imported [App\Models\Pasien\Pasien] models up to ID: 120000
Imported [App\Models\Pasien\Pasien] models up to ID: 121000
Imported [App\Models\Pasien\Pasien] models up to ID: 122000
Imported [App\Models\Pasien\Pasien] models up to ID: 123000
Imported [App\Models\Pasien\Pasien] models up to ID: 124000
Imported [App\Models\Pasien\Pasien] models up to ID: 125000
Imported [App\Models\Pasien\Pasien] models up to ID: 126000
Imported [App\Models\Pasien\Pasien] models up to ID: 127000
Imported [App\Models\Pasien\Pasien] models up to ID: 128000
Imported [App\Models\Pasien\Pasien] models up to ID: 129000
Imported [App\Models\Pasien\Pasien] models up to ID: 130000
Imported [App\Models\Pasien\Pasien] models up to ID: 131000
Imported [App\Models\Pasien\Pasien] models up to ID: 132000
Imported [App\Models\Pasien\Pasien] models up to ID: 133000
Imported [App\Models\Pasien\Pasien] models up to ID: 134000
Imported [App\Models\Pasien\Pasien] models up to ID: 135000
Imported [App\Models\Pasien\Pasien] models up to ID: 136000
Imported [App\Models\Pasien\Pasien] models up to ID: 137000
Imported [App\Models\Pasien\Pasien] models up to ID: 138000
Imported [App\Models\Pasien\Pasien] models up to ID: 139000
Imported [App\Models\Pasien\Pasien] models up to ID: 140000
Imported [App\Models\Pasien\Pasien] models up to ID: 141000
Imported [App\Models\Pasien\Pasien] models up to ID: 142000
Imported [App\Models\Pasien\Pasien] models up to ID: 143000
Imported [App\Models\Pasien\Pasien] models up to ID: 144000
Imported [App\Models\Pasien\Pasien] models up to ID: 145000
Imported [App\Models\Pasien\Pasien] models up to ID: 146000
Imported [App\Models\Pasien\Pasien] models up to ID: 147000
Imported [App\Models\Pasien\Pasien] models up to ID: 148000
Imported [App\Models\Pasien\Pasien] models up to ID: 149000
Imported [App\Models\Pasien\Pasien] models up to ID: 150000
Imported [App\Models\Pasien\Pasien] models up to ID: 151000
Imported [App\Models\Pasien\Pasien] models up to ID: 152000
Imported [App\Models\Pasien\Pasien] models up to ID: 153000
Imported [App\Models\Pasien\Pasien] models up to ID: 154000
Imported [App\Models\Pasien\Pasien] models up to ID: 155000
Imported [App\Models\Pasien\Pasien] models up to ID: 156000
Imported [App\Models\Pasien\Pasien] models up to ID: 157000
Imported [App\Models\Pasien\Pasien] models up to ID: 158000
Imported [App\Models\Pasien\Pasien] models up to ID: 159000
Imported [App\Models\Pasien\Pasien] models up to ID: 160000
Imported [App\Models\Pasien\Pasien] models up to ID: 161000
Imported [App\Models\Pasien\Pasien] models up to ID: 162000
Imported [App\Models\Pasien\Pasien] models up to ID: 163000
Imported [App\Models\Pasien\Pasien] models up to ID: 164000
Imported [App\Models\Pasien\Pasien] models up to ID: 165000
Imported [App\Models\Pasien\Pasien] models up to ID: 166000
Imported [App\Models\Pasien\Pasien] models up to ID: 167000
Imported [App\Models\Pasien\Pasien] models up to ID: 168000
Imported [App\Models\Pasien\Pasien] models up to ID: 169000
Imported [App\Models\Pasien\Pasien] models up to ID: 170000
Imported [App\Models\Pasien\Pasien] models up to ID: 171000
Imported [App\Models\Pasien\Pasien] models up to ID: 172000
Imported [App\Models\Pasien\Pasien] models up to ID: 173000
Imported [App\Models\Pasien\Pasien] models up to ID: 174000
Imported [App\Models\Pasien\Pasien] models up to ID: 175000
Imported [App\Models\Pasien\Pasien] models up to ID: 176000
Imported [App\Models\Pasien\Pasien] models up to ID: 177000
Imported [App\Models\Pasien\Pasien] models up to ID: 178000
Imported [App\Models\Pasien\Pasien] models up to ID: 179000
Imported [App\Models\Pasien\Pasien] models up to ID: 180000
Imported [App\Models\Pasien\Pasien] models up to ID: 181000
Imported [App\Models\Pasien\Pasien] models up to ID: 182000
Imported [App\Models\Pasien\Pasien] models up to ID: 183000
Imported [App\Models\Pasien\Pasien] models up to ID: 184000
Imported [App\Models\Pasien\Pasien] models up to ID: 185000
Imported [App\Models\Pasien\Pasien] models up to ID: 186000
Imported [App\Models\Pasien\Pasien] models up to ID: 187000
Imported [App\Models\Pasien\Pasien] models up to ID: 188000
Imported [App\Models\Pasien\Pasien] models up to ID: 189000
Imported [App\Models\Pasien\Pasien] models up to ID: 190000
Imported [App\Models\Pasien\Pasien] models up to ID: 191000
Imported [App\Models\Pasien\Pasien] models up to ID: 192000
Imported [App\Models\Pasien\Pasien] models up to ID: 193000
Imported [App\Models\Pasien\Pasien] models up to ID: 194000
Imported [App\Models\Pasien\Pasien] models up to ID: 195000
Imported [App\Models\Pasien\Pasien] models up to ID: 196000
Imported [App\Models\Pasien\Pasien] models up to ID: 197000
Imported [App\Models\Pasien\Pasien] models up to ID: 198000
Imported [App\Models\Pasien\Pasien] models up to ID: 199000
Imported [App\Models\Pasien\Pasien] models up to ID: 200000
Imported [App\Models\Pasien\Pasien] models up to ID: 201000
Imported [App\Models\Pasien\Pasien] models up to ID: 202000
Imported [App\Models\Pasien\Pasien] models up to ID: 203000
Imported [App\Models\Pasien\Pasien] models up to ID: 204000
Imported [App\Models\Pasien\Pasien] models up to ID: 205000
Imported [App\Models\Pasien\Pasien] models up to ID: 206000
Imported [App\Models\Pasien\Pasien] models up to ID: 207000
Imported [App\Models\Pasien\Pasien] models up to ID: 208000
Imported [App\Models\Pasien\Pasien] models up to ID: 209000
Imported [App\Models\Pasien\Pasien] models up to ID: 210000
Imported [App\Models\Pasien\Pasien] models up to ID: 211000
Imported [App\Models\Pasien\Pasien] models up to ID: 212000
Imported [App\Models\Pasien\Pasien] models up to ID: 213000
Imported [App\Models\Pasien\Pasien] models up to ID: 214000
Imported [App\Models\Pasien\Pasien] models up to ID: 215000
Imported [App\Models\Pasien\Pasien] models up to ID: 216000
Imported [App\Models\Pasien\Pasien] models up to ID: 217000
Imported [App\Models\Pasien\Pasien] models up to ID: 218000
Imported [App\Models\Pasien\Pasien] models up to ID: 219000
Imported [App\Models\Pasien\Pasien] models up to ID: 220000
Imported [App\Models\Pasien\Pasien] models up to ID: 221000
Imported [App\Models\Pasien\Pasien] models up to ID: 222000
Imported [App\Models\Pasien\Pasien] models up to ID: 223000
Imported [App\Models\Pasien\Pasien] models up to ID: 224000
Imported [App\Models\Pasien\Pasien] models up to ID: 225000
Imported [App\Models\Pasien\Pasien] models up to ID: 226000
Imported [App\Models\Pasien\Pasien] models up to ID: 227000
Imported [App\Models\Pasien\Pasien] models up to ID: 228000
Imported [App\Models\Pasien\Pasien] models up to ID: 229000
Imported [App\Models\Pasien\Pasien] models up to ID: 230000
Imported [App\Models\Pasien\Pasien] models up to ID: 231000
Imported [App\Models\Pasien\Pasien] models up to ID: 232000
Imported [App\Models\Pasien\Pasien] models up to ID: 233000
Imported [App\Models\Pasien\Pasien] models up to ID: 234000
Imported [App\Models\Pasien\Pasien] models up to ID: 235000
Imported [App\Models\Pasien\Pasien] models up to ID: 236000
Imported [App\Models\Pasien\Pasien] models up to ID: 237000
Imported [App\Models\Pasien\Pasien] models up to ID: 238000
Imported [App\Models\Pasien\Pasien] models up to ID: 239000
Imported [App\Models\Pasien\Pasien] models up to ID: 240000
Imported [App\Models\Pasien\Pasien] models up to ID: 241000
Imported [App\Models\Pasien\Pasien] models up to ID: 242000
Imported [App\Models\Pasien\Pasien] models up to ID: 243000
Imported [App\Models\Pasien\Pasien] models up to ID: 244000
Imported [App\Models\Pasien\Pasien] models up to ID: 245000
Imported [App\Models\Pasien\Pasien] models up to ID: 246000
Imported [App\Models\Pasien\Pasien] models up to ID: 247000
Imported [App\Models\Pasien\Pasien] models up to ID: 248000
Imported [App\Models\Pasien\Pasien] models up to ID: 249000
Imported [App\Models\Pasien\Pasien] models up to ID: 250000
Imported [App\Models\Pasien\Pasien] models up to ID: 251000
Imported [App\Models\Pasien\Pasien] models up to ID: 252000
Imported [App\Models\Pasien\Pasien] models up to ID: 253000
Imported [App\Models\Pasien\Pasien] models up to ID: 254000
Imported [App\Models\Pasien\Pasien] models up to ID: 255000
Imported [App\Models\Pasien\Pasien] models up to ID: 256000
Imported [App\Models\Pasien\Pasien] models up to ID: 257000
Imported [App\Models\Pasien\Pasien] models up to ID: 258000
Imported [App\Models\Pasien\Pasien] models up to ID: 259000
Imported [App\Models\Pasien\Pasien] models up to ID: 260000
Imported [App\Models\Pasien\Pasien] models up to ID: 261000
Imported [App\Models\Pasien\Pasien] models up to ID: 262000
Imported [App\Models\Pasien\Pasien] models up to ID: 263000
Imported [App\Models\Pasien\Pasien] models up to ID: 264000
Imported [App\Models\Pasien\Pasien] models up to ID: 265000
Imported [App\Models\Pasien\Pasien] models up to ID: 266000
Imported [App\Models\Pasien\Pasien] models up to ID: 267000
Imported [App\Models\Pasien\Pasien] models up to ID: 268000
Imported [App\Models\Pasien\Pasien] models up to ID: 269000
Imported [App\Models\Pasien\Pasien] models up to ID: 270000
Imported [App\Models\Pasien\Pasien] models up to ID: 271000
Imported [App\Models\Pasien\Pasien] models up to ID: 272000
Imported [App\Models\Pasien\Pasien] models up to ID: 273000
Imported [App\Models\Pasien\Pasien] models up to ID: 274000
Imported [App\Models\Pasien\Pasien] models up to ID: 275000
Imported [App\Models\Pasien\Pasien] models up to ID: 276000
Imported [App\Models\Pasien\Pasien] models up to ID: 277000
Imported [App\Models\Pasien\Pasien] models up to ID: 278000
Imported [App\Models\Pasien\Pasien] models up to ID: 279000
Imported [App\Models\Pasien\Pasien] models up to ID: 280000
Imported [App\Models\Pasien\Pasien] models up to ID: 281000
Imported [App\Models\Pasien\Pasien] models up to ID: 282000
Imported [App\Models\Pasien\Pasien] models up to ID: 283000
Imported [App\Models\Pasien\Pasien] models up to ID: 284000
Imported [App\Models\Pasien\Pasien] models up to ID: 285000
Imported [App\Models\Pasien\Pasien] models up to ID: 286000
Imported [App\Models\Pasien\Pasien] models up to ID: 287000
Imported [App\Models\Pasien\Pasien] models up to ID: 288000
Imported [App\Models\Pasien\Pasien] models up to ID: 289000
Imported [App\Models\Pasien\Pasien] models up to ID: 290000
Imported [App\Models\Pasien\Pasien] models up to ID: 291000
Imported [App\Models\Pasien\Pasien] models up to ID: 292000
Imported [App\Models\Pasien\Pasien] models up to ID: 293000
Imported [App\Models\Pasien\Pasien] models up to ID: 294000
Imported [App\Models\Pasien\Pasien] models up to ID: 295000
Imported [App\Models\Pasien\Pasien] models up to ID: 296000
Imported [App\Models\Pasien\Pasien] models up to ID: 297000
Imported [App\Models\Pasien\Pasien] models up to ID: 298000
Imported [App\Models\Pasien\Pasien] models up to ID: 299000
Imported [App\Models\Pasien\Pasien] models up to ID: 300000
Imported [App\Models\Pasien\Pasien] models up to ID: 301000
Imported [App\Models\Pasien\Pasien] models up to ID: 302000
Imported [App\Models\Pasien\Pasien] models up to ID: 303000
Imported [App\Models\Pasien\Pasien] models up to ID: 304000
Imported [App\Models\Pasien\Pasien] models up to ID: 305000
Imported [App\Models\Pasien\Pasien] models up to ID: 306000
Imported [App\Models\Pasien\Pasien] models up to ID: 307000
Imported [App\Models\Pasien\Pasien] models up to ID: 308000
Imported [App\Models\Pasien\Pasien] models up to ID: 309000
Imported [App\Models\Pasien\Pasien] models up to ID: 310000
Imported [App\Models\Pasien\Pasien] models up to ID: 311000
Imported [App\Models\Pasien\Pasien] models up to ID: 312000
Imported [App\Models\Pasien\Pasien] models up to ID: 313000
Imported [App\Models\Pasien\Pasien] models up to ID: 314000
Imported [App\Models\Pasien\Pasien] models up to ID: 315000
Imported [App\Models\Pasien\Pasien] models up to ID: 316000
Imported [App\Models\Pasien\Pasien] models up to ID: 317000
Imported [App\Models\Pasien\Pasien] models up to ID: 318000
Imported [App\Models\Pasien\Pasien] models up to ID: 319000
Imported [App\Models\Pasien\Pasien] models up to ID: 320000
Imported [App\Models\Pasien\Pasien] models up to ID: 321000
Imported [App\Models\Pasien\Pasien] models up to ID: 322000
Imported [App\Models\Pasien\Pasien] models up to ID: 323000
Imported [App\Models\Pasien\Pasien] models up to ID: 324000
Imported [App\Models\Pasien\Pasien] models up to ID: 325000
Imported [App\Models\Pasien\Pasien] models up to ID: 326000
Imported [App\Models\Pasien\Pasien] models up to ID: 327000
Imported [App\Models\Pasien\Pasien] models up to ID: 328000
Imported [App\Models\Pasien\Pasien] models up to ID: 329000
Imported [App\Models\Pasien\Pasien] models up to ID: 330000
Imported [App\Models\Pasien\Pasien] models up to ID: 331000
Imported [App\Models\Pasien\Pasien] models up to ID: 332000
Imported [App\Models\Pasien\Pasien] models up to ID: 333000
Imported [App\Models\Pasien\Pasien] models up to ID: 334000
Imported [App\Models\Pasien\Pasien] models up to ID: 335000
Imported [App\Models\Pasien\Pasien] models up to ID: 336000
Imported [App\Models\Pasien\Pasien] models up to ID: 337000
Imported [App\Models\Pasien\Pasien] models up to ID: 338000
Imported [App\Models\Pasien\Pasien] models up to ID: 339000
Imported [App\Models\Pasien\Pasien] models up to ID: 340000
Imported [App\Models\Pasien\Pasien] models up to ID: 341000
Imported [App\Models\Pasien\Pasien] models up to ID: 342000
Imported [App\Models\Pasien\Pasien] models up to ID: 343000
Imported [App\Models\Pasien\Pasien] models up to ID: 344000
Imported [App\Models\Pasien\Pasien] models up to ID: 345000
Imported [App\Models\Pasien\Pasien] models up to ID: 346000
Imported [App\Models\Pasien\Pasien] models up to ID: 347000
Imported [App\Models\Pasien\Pasien] models up to ID: 348000
Imported [App\Models\Pasien\Pasien] models up to ID: 349000
Imported [App\Models\Pasien\Pasien] models up to ID: 350000
Imported [App\Models\Pasien\Pasien] models up to ID: 351000
Imported [App\Models\Pasien\Pasien] models up to ID: 352000
Imported [App\Models\Pasien\Pasien] models up to ID: 353000
Imported [App\Models\Pasien\Pasien] models up to ID: 354000
Imported [App\Models\Pasien\Pasien] models up to ID: 355000
Imported [App\Models\Pasien\Pasien] models up to ID: 356000
Imported [App\Models\Pasien\Pasien] models up to ID: 357000
Imported [App\Models\Pasien\Pasien] models up to ID: 358000
Imported [App\Models\Pasien\Pasien] models up to ID: 359000
Imported [App\Models\Pasien\Pasien] models up to ID: 360000
Imported [App\Models\Pasien\Pasien] models up to ID: 361000
Imported [App\Models\Pasien\Pasien] models up to ID: 362000
Imported [App\Models\Pasien\Pasien] models up to ID: 363000
Imported [App\Models\Pasien\Pasien] models up to ID: 364000
Imported [App\Models\Pasien\Pasien] models up to ID: 365000
Imported [App\Models\Pasien\Pasien] models up to ID: 366000
Imported [App\Models\Pasien\Pasien] models up to ID: 367000
Imported [App\Models\Pasien\Pasien] models up to ID: 368000
Imported [App\Models\Pasien\Pasien] models up to ID: 369000
Imported [App\Models\Pasien\Pasien] models up to ID: 370000
Imported [App\Models\Pasien\Pasien] models up to ID: 371000
Imported [App\Models\Pasien\Pasien] models up to ID: 372000
Imported [App\Models\Pasien\Pasien] models up to ID: 373000
Imported [App\Models\Pasien\Pasien] models up to ID: 374000
Imported [App\Models\Pasien\Pasien] models up to ID: 375000
Imported [App\Models\Pasien\Pasien] models up to ID: 376000
Imported [App\Models\Pasien\Pasien] models up to ID: 377000
Imported [App\Models\Pasien\Pasien] models up to ID: 378000
Imported [App\Models\Pasien\Pasien] models up to ID: 379000
Imported [App\Models\Pasien\Pasien] models up to ID: 380000
Imported [App\Models\Pasien\Pasien] models up to ID: 381000
Imported [App\Models\Pasien\Pasien] models up to ID: 382000
Imported [App\Models\Pasien\Pasien] models up to ID: 383000
Imported [App\Models\Pasien\Pasien] models up to ID: 384000
Imported [App\Models\Pasien\Pasien] models up to ID: 385000
Imported [App\Models\Pasien\Pasien] models up to ID: 386000
Imported [App\Models\Pasien\Pasien] models up to ID: 387000
Imported [App\Models\Pasien\Pasien] models up to ID: 388000
Imported [App\Models\Pasien\Pasien] models up to ID: 389000
Imported [App\Models\Pasien\Pasien] models up to ID: 390000
Imported [App\Models\Pasien\Pasien] models up to ID: 391000
Imported [App\Models\Pasien\Pasien] models up to ID: 392000
Imported [App\Models\Pasien\Pasien] models up to ID: 393000
Imported [App\Models\Pasien\Pasien] models up to ID: 394000
Imported [App\Models\Pasien\Pasien] models up to ID: 395000
Imported [App\Models\Pasien\Pasien] models up to ID: 396000
Imported [App\Models\Pasien\Pasien] models up to ID: 397000
Imported [App\Models\Pasien\Pasien] models up to ID: 398000
Imported [App\Models\Pasien\Pasien] models up to ID: 399000
Imported [App\Models\Pasien\Pasien] models up to ID: 400000
Imported [App\Models\Pasien\Pasien] models up to ID: 401000
Imported [App\Models\Pasien\Pasien] models up to ID: 402000
Imported [App\Models\Pasien\Pasien] models up to ID: 403000
Imported [App\Models\Pasien\Pasien] models up to ID: 404000
Imported [App\Models\Pasien\Pasien] models up to ID: 405000
Imported [App\Models\Pasien\Pasien] models up to ID: 406000
Imported [App\Models\Pasien\Pasien] models up to ID: 407000
Imported [App\Models\Pasien\Pasien] models up to ID: 408000
Imported [App\Models\Pasien\Pasien] models up to ID: 409000
Imported [App\Models\Pasien\Pasien] models up to ID: 410000
Imported [App\Models\Pasien\Pasien] models up to ID: 411000
Imported [App\Models\Pasien\Pasien] models up to ID: 412000
Imported [App\Models\Pasien\Pasien] models up to ID: 413000
Imported [App\Models\Pasien\Pasien] models up to ID: 414000
Imported [App\Models\Pasien\Pasien] models up to ID: 415000
Imported [App\Models\Pasien\Pasien] models up to ID: 416000
Imported [App\Models\Pasien\Pasien] models up to ID: 417000
Imported [App\Models\Pasien\Pasien] models up to ID: 418000
Imported [App\Models\Pasien\Pasien] models up to ID: 419000
Imported [App\Models\Pasien\Pasien] models up to ID: 420000
Imported [App\Models\Pasien\Pasien] models up to ID: 421000
Imported [App\Models\Pasien\Pasien] models up to ID: 422000
Imported [App\Models\Pasien\Pasien] models up to ID: 423000
Imported [App\Models\Pasien\Pasien] models up to ID: 424000
Imported [App\Models\Pasien\Pasien] models up to ID: 425000
Imported [App\Models\Pasien\Pasien] models up to ID: 426000
Imported [App\Models\Pasien\Pasien] models up to ID: 427000
Imported [App\Models\Pasien\Pasien] models up to ID: 428000
Imported [App\Models\Pasien\Pasien] models up to ID: 429000
Imported [App\Models\Pasien\Pasien] models up to ID: 430000
Imported [App\Models\Pasien\Pasien] models up to ID: 431000
Imported [App\Models\Pasien\Pasien] models up to ID: 432000
Imported [App\Models\Pasien\Pasien] models up to ID: 433000
Imported [App\Models\Pasien\Pasien] models up to ID: 434000
Imported [App\Models\Pasien\Pasien] models up to ID: 435000
Imported [App\Models\Pasien\Pasien] models up to ID: 436000
Imported [App\Models\Pasien\Pasien] models up to ID: 437000
Imported [App\Models\Pasien\Pasien] models up to ID: 438000
Imported [App\Models\Pasien\Pasien] models up to ID: 439000
Imported [App\Models\Pasien\Pasien] models up to ID: 440000
Imported [App\Models\Pasien\Pasien] models up to ID: 441000
Imported [App\Models\Pasien\Pasien] models up to ID: 442000
Imported [App\Models\Pasien\Pasien] models up to ID: 443000
Imported [App\Models\Pasien\Pasien] models up to ID: 444000
Imported [App\Models\Pasien\Pasien] models up to ID: 445000
Imported [App\Models\Pasien\Pasien] models up to ID: 446000
Imported [App\Models\Pasien\Pasien] models up to ID: 447000
Imported [App\Models\Pasien\Pasien] models up to ID: 448000
Imported [App\Models\Pasien\Pasien] models up to ID: 449000
Imported [App\Models\Pasien\Pasien] models up to ID: 450000
Imported [App\Models\Pasien\Pasien] models up to ID: 451000
Imported [App\Models\Pasien\Pasien] models up to ID: 452000
Imported [App\Models\Pasien\Pasien] models up to ID: 453000
Imported [App\Models\Pasien\Pasien] models up to ID: 454000
Imported [App\Models\Pasien\Pasien] models up to ID: 455000
Imported [App\Models\Pasien\Pasien] models up to ID: 456000
Imported [App\Models\Pasien\Pasien] models up to ID: 457000
Imported [App\Models\Pasien\Pasien] models up to ID: 458000
Imported [App\Models\Pasien\Pasien] models up to ID: 459000
Imported [App\Models\Pasien\Pasien] models up to ID: 460000
Imported [App\Models\Pasien\Pasien] models up to ID: 461000
Imported [App\Models\Pasien\Pasien] models up to ID: 462000
Imported [App\Models\Pasien\Pasien] models up to ID: 463000
Imported [App\Models\Pasien\Pasien] models up to ID: 464000
Imported [App\Models\Pasien\Pasien] models up to ID: 465000
Imported [App\Models\Pasien\Pasien] models up to ID: 466000
Imported [App\Models\Pasien\Pasien] models up to ID: 467000
Imported [App\Models\Pasien\Pasien] models up to ID: 468000
Imported [App\Models\Pasien\Pasien] models up to ID: 469000
Imported [App\Models\Pasien\Pasien] models up to ID: 470000
Imported [App\Models\Pasien\Pasien] models up to ID: 471000
Imported [App\Models\Pasien\Pasien] models up to ID: 472000
Imported [App\Models\Pasien\Pasien] models up to ID: 473000
Imported [App\Models\Pasien\Pasien] models up to ID: 474000
Imported [App\Models\Pasien\Pasien] models up to ID: 475000
Imported [App\Models\Pasien\Pasien] models up to ID: 476000
Imported [App\Models\Pasien\Pasien] models up to ID: 477000
Imported [App\Models\Pasien\Pasien] models up to ID: 478000
Imported [App\Models\Pasien\Pasien] models up to ID: 479000
Imported [App\Models\Pasien\Pasien] models up to ID: 480000
Imported [App\Models\Pasien\Pasien] models up to ID: 481000
Imported [App\Models\Pasien\Pasien] models up to ID: 481720
All [App\Models\Pasien\Pasien] records have been imported.
